#-----------------------------------------------------------
# Vivado v2021.2 (64-bit)
# SW Build 3367213 on Tue Oct 19 02:48:09 MDT 2021
# IP Build 3369179 on Thu Oct 21 08:25:16 MDT 2021
# Start of session at: Sun Nov 26 13:37:42 2023
# Process ID: 34212
# Current directory: C:/Xiang/project/Embaded_project/2023/Lab_final_student/Lab_Final_PS/Lab_Final_PS.runs/PS_PL_test_rst_ps7_0_50M_0_synth_1
# Command line: vivado.exe -log PS_PL_test_rst_ps7_0_50M_0.vds -product Vivado -mode batch -messageDb vivado.pb -notrace -source PS_PL_test_rst_ps7_0_50M_0.tcl
# Log file: C:/Xiang/project/Embaded_project/2023/Lab_final_student/Lab_Final_PS/Lab_Final_PS.runs/PS_PL_test_rst_ps7_0_50M_0_synth_1/PS_PL_test_rst_ps7_0_50M_0.vds
# Journal file: C:/Xiang/project/Embaded_project/2023/Lab_final_student/Lab_Final_PS/Lab_Final_PS.runs/PS_PL_test_rst_ps7_0_50M_0_synth_1\vivado.jou
# Running On: DESKTOP-NR330F3, OS: Windows, CPU Frequency: 2112 MHz, CPU Physical cores: 12, Host memory: 16908 MB
#-----------------------------------------------------------
source PS_PL_test_rst_ps7_0_50M_0.tcl -notrace
